0 0
3 300
1 10000000000
4 400
5 500
10 100
15 150
20 200
